Flow report for niosII_freeRTOS_DE0_nano
Wed Mar  4 22:31:36 2020
Quartus Prime Version 18.1.0 Build 625 09/12/2018 SJ Lite Edition


---------------------
; Table of Contents ;
---------------------
  1. Legal Notice
  2. Flow Summary
  3. Flow Settings
  4. Flow Non-Default Global Settings
  5. Flow Elapsed Time
  6. Flow OS Summary
  7. Flow Log
  8. Flow Messages
  9. Flow Suppressed Messages



----------------
; Legal Notice ;
----------------
Copyright (C) 2018  Intel Corporation. All rights reserved.
Your use of Intel Corporation's design tools, logic functions 
and other software and tools, and its AMPP partner logic 
functions, and any output files from any of the foregoing 
(including device programming or simulation files), and any 
associated documentation or information are expressly subject 
to the terms and conditions of the Intel Program License 
Subscription Agreement, the Intel Quartus Prime License Agreement,
the Intel FPGA IP License Agreement, or other applicable license
agreement, including, without limitation, that your use is for
the sole purpose of programming logic devices manufactured by
Intel and sold by Intel or its authorized distributors.  Please
refer to the applicable agreement for further details.



+----------------------------------------------------------------------------------+
; Flow Summary                                                                     ;
+------------------------------------+---------------------------------------------+
; Flow Status                        ; Successful - Wed Mar  4 22:31:30 2020       ;
; Quartus Prime Version              ; 18.1.0 Build 625 09/12/2018 SJ Lite Edition ;
; Revision Name                      ; niosII_freeRTOS_DE0_nano                    ;
; Top-level Entity Name              ; DE0Nano_FreeRTOS                            ;
; Family                             ; Cyclone IV E                                ;
; Device                             ; EP4CE22F17C6                                ;
; Timing Models                      ; Final                                       ;
; Total logic elements               ; 3,849 / 22,320 ( 17 % )                     ;
;     Total combinational functions  ; 3,115 / 22,320 ( 14 % )                     ;
;     Dedicated logic registers      ; 2,650 / 22,320 ( 12 % )                     ;
; Total registers                    ; 2719                                        ;
; Total pins                         ; 126 / 154 ( 82 % )                          ;
; Total virtual pins                 ; 0                                           ;
; Total memory bits                  ; 19,456 / 608,256 ( 3 % )                    ;
; Embedded Multiplier 9-bit elements ; 0 / 132 ( 0 % )                             ;
; Total PLLs                         ; 1 / 4 ( 25 % )                              ;
+------------------------------------+---------------------------------------------+


+----------------------------------------------+
; Flow Settings                                ;
+-------------------+--------------------------+
; Option            ; Setting                  ;
+-------------------+--------------------------+
; Start date & time ; 03/04/2020 22:29:59      ;
; Main task         ; Compilation              ;
; Revision Name     ; niosII_freeRTOS_DE0_nano ;
+-------------------+--------------------------+


+-----------------------------------------------------------------------------------------------------------------------------------------------------------+
; Flow Non-Default Global Settings                                                                                                                          ;
+-------------------------------------+----------------------------------------------------------+--------------------------+------------------+------------+
; Assignment Name                     ; Value                                                    ; Default Value            ; Entity Name      ; Section Id ;
+-------------------------------------+----------------------------------------------------------+--------------------------+------------------+------------+
; COMPILER_SIGNATURE_ID               ; 21850362349.158337179816324                              ; --                       ; --               ; --         ;
; MAX_CORE_JUNCTION_TEMP              ; 85                                                       ; --                       ; --               ; --         ;
; MIN_CORE_JUNCTION_TEMP              ; 0                                                        ; --                       ; --               ; --         ;
; MISC_FILE                           ; niosII/synthesis/../niosII.cmp                           ; --                       ; --               ; --         ;
; MISC_FILE                           ; niosII/synthesis/../../niosII.qsys                       ; --                       ; --               ; --         ;
; NOMINAL_CORE_SUPPLY_VOLTAGE         ; 1.2V                                                     ; --                       ; --               ; --         ;
; OUTPUT_IO_TIMING_FAR_END_VMEAS      ; Half Signal Swing                                        ; --                       ; --               ; --         ;
; OUTPUT_IO_TIMING_FAR_END_VMEAS      ; Half Signal Swing                                        ; --                       ; --               ; --         ;
; OUTPUT_IO_TIMING_NEAR_END_VMEAS     ; Half Vccio                                               ; --                       ; --               ; --         ;
; OUTPUT_IO_TIMING_NEAR_END_VMEAS     ; Half Vccio                                               ; --                       ; --               ; --         ;
; PARTITION_COLOR                     ; -- (Not supported for targeted family)                   ; --                       ; DE0Nano_FreeRTOS ; Top        ;
; PARTITION_COLOR                     ; -- (Not supported for targeted family)                   ; --                       ; DE0_NANO         ; Top        ;
; PARTITION_FITTER_PRESERVATION_LEVEL ; -- (Not supported for targeted family)                   ; --                       ; DE0Nano_FreeRTOS ; Top        ;
; PARTITION_FITTER_PRESERVATION_LEVEL ; -- (Not supported for targeted family)                   ; --                       ; DE0_NANO         ; Top        ;
; PARTITION_NETLIST_TYPE              ; -- (Not supported for targeted family)                   ; --                       ; DE0Nano_FreeRTOS ; Top        ;
; PARTITION_NETLIST_TYPE              ; -- (Not supported for targeted family)                   ; --                       ; DE0_NANO         ; Top        ;
; POWER_BOARD_THERMAL_MODEL           ; None (CONSERVATIVE)                                      ; --                       ; --               ; --         ;
; POWER_PRESET_COOLING_SOLUTION       ; 23 MM HEAT SINK WITH 200 LFPM AIRFLOW                    ; --                       ; --               ; --         ;
; PROJECT_OUTPUT_DIRECTORY            ; output_files                                             ; --                       ; --               ; --         ;
; SLD_FILE                            ; niosII/synthesis/niosII.regmap                           ; --                       ; --               ; --         ;
; SLD_FILE                            ; niosII/synthesis/niosII.debuginfo                        ; --                       ; --               ; --         ;
; SLD_INFO                            ; QSYS_NAME niosII HAS_SOPCINFO 1 GENERATION_ID 1583371741 ; --                       ; niosII           ; --         ;
; SOPCINFO_FILE                       ; niosII/synthesis/../../niosII.sopcinfo                   ; --                       ; --               ; --         ;
; SYNTHESIS_ONLY_QIP                  ; On                                                       ; --                       ; --               ; --         ;
; TOP_LEVEL_ENTITY                    ; DE0Nano_FreeRTOS                                         ; niosII_freeRTOS_DE0_nano ; --               ; --         ;
+-------------------------------------+----------------------------------------------------------+--------------------------+------------------+------------+


+--------------------------------------------------------------------------------------------------------------------------+
; Flow Elapsed Time                                                                                                        ;
+----------------------+--------------+-------------------------+---------------------+------------------------------------+
; Module Name          ; Elapsed Time ; Average Processors Used ; Peak Virtual Memory ; Total CPU Time (on all processors) ;
+----------------------+--------------+-------------------------+---------------------+------------------------------------+
; Analysis & Synthesis ; 00:00:54     ; 1.0                     ; 1161 MB             ; 00:01:47                           ;
; Fitter               ; 00:00:26     ; 1.1                     ; 1593 MB             ; 00:00:35                           ;
; Assembler            ; 00:00:04     ; 1.0                     ; 832 MB              ; 00:00:03                           ;
; Timing Analyzer      ; 00:00:05     ; 1.2                     ; 913 MB              ; 00:00:05                           ;
; Total                ; 00:01:29     ; --                      ; --                  ; 00:02:30                           ;
+----------------------+--------------+-------------------------+---------------------+------------------------------------+


+----------------------------------------------------------------------------------------+
; Flow OS Summary                                                                        ;
+----------------------+------------------+----------------+------------+----------------+
; Module Name          ; Machine Hostname ; OS Name        ; OS Version ; Processor type ;
+----------------------+------------------+----------------+------------+----------------+
; Analysis & Synthesis ; nestor-Lenovo    ; Ubuntu 18.04.4 ; 18         ; x86_64         ;
; Fitter               ; nestor-Lenovo    ; Ubuntu 18.04.4 ; 18         ; x86_64         ;
; Assembler            ; nestor-Lenovo    ; Ubuntu 18.04.4 ; 18         ; x86_64         ;
; Timing Analyzer      ; nestor-Lenovo    ; Ubuntu 18.04.4 ; 18         ; x86_64         ;
+----------------------+------------------+----------------+------------+----------------+


------------
; Flow Log ;
------------
quartus_map --read_settings_files=on --write_settings_files=off niosII_freeRTOS_DE0_nano -c niosII_freeRTOS_DE0_nano
quartus_fit --read_settings_files=off --write_settings_files=off niosII_freeRTOS_DE0_nano -c niosII_freeRTOS_DE0_nano
quartus_asm --read_settings_files=off --write_settings_files=off niosII_freeRTOS_DE0_nano -c niosII_freeRTOS_DE0_nano
quartus_sta niosII_freeRTOS_DE0_nano -c niosII_freeRTOS_DE0_nano



